// Jest Snapshot v1, https://goo.gl/fbAQLP

exports[`parses local directory 1`] = `
Array [
  Object {
    "name": "example-file-name.md",
    "path": "dir-to-cache/example-file-name.md",
    "stats": Object {
      "mtime": 1,
      "size": 4312,
    },
  },
  Object {
    "name": "file-in-root-dir.empty",
    "path": "dir-to-cache/file-in-root-dir.empty",
    "stats": Object {
      "mtime": 1,
      "size": 4312,
    },
  },
  Object {
    "name": "file-with-content.md",
    "path": "dir-to-cache/subdir/file-with-content.md",
    "stats": Object {
      "mtime": 1,
      "size": 4312,
    },
  },
]
`;
