// Jest Snapshot v1, https://goo.gl/fbAQLP

exports[`parses local directory 1`] = `
Array [
  Object {
    "name": "file-in-root-dir.empty",
    "path": "example-file-tree/file-in-root-dir.empty",
    "stats": Object {
      "mtime": 1590433826,
      "size": 0,
    },
  },
  Object {
    "name": "file-with-content.md",
    "path": "example-file-tree/subdir/file-with-content.md",
    "stats": Object {
      "mtime": 1590433917,
      "size": 2307,
    },
  },
]
`;
